// Jest Snapshot v1, https://goo.gl/fbAQLP

exports[`Component Dialog tests: Get Dialog snapshot 1`] = `
<transition-stub name="dialog-fade" style="z-index: 2001;">
  <div class="el-dialog__wrapper">
    <div role="dialog" aria-modal="true" aria-label="dialog" class="el-dialog" style="margin-top: 15vh;">
      <div class="el-dialog__header"><span class="el-dialog__title"></span><button type="button" aria-label="Close" class="el-dialog__headerbtn"><i class="el-dialog__close el-icon el-icon-close"></i></button></div>
      <div class="el-dialog__body">
        <form class="el-form">
          <h1 id="productinfo">Product info</h1>
          <div class="el-form-item"><label class="el-form-item__label" style="width: 120px;">name</label>
            <div class="el-form-item__content" style="margin-left: 120px;">
              <div class="el-input">
                <!----><input type="text" autocomplete="off" data-test="dialog_name" id="aname" class="el-input__inner">
                <!---->
                <!---->
                <!---->
                <!---->
              </div>
              <transition-stub name="el-zoom-in-top">
                <!---->
              </transition-stub>
            </div>
          </div>
          <div class="el-form-item"><label class="el-form-item__label" style="width: 120px;">description</label>
            <div class="el-form-item__content" style="margin-left: 120px;">
              <div class="el-input">
                <!----><input type="text" autocomplete="off" data-test="dialog_description" class="el-input__inner">
                <!---->
                <!---->
                <!---->
                <!---->
              </div>
              <transition-stub name="el-zoom-in-top">
                <!---->
              </transition-stub>
            </div>
          </div>
          <div class="el-form-item" data-test="taste"><label class="el-form-item__label" style="width: 120px;">taste</label>
            <div class="el-form-item__content" style="margin-left: 120px;">
              <div class="el-select" style="width: 100%;">
                <!---->
                <div class="el-input el-input--suffix">
                  <!----><input type="text" readonly="readonly" autocomplete="off" placeholder="please select" class="el-input__inner">
                  <!----><span class="el-input__suffix"><span class="el-input__suffix-inner"><i class="el-select__caret el-input__icon el-icon-arrow-up"></i><!----><!----><!----><!----><!----></span>
                  <!----></span>
                  <!---->
                  <!---->
                </div>
                <transition-stub name="el-zoom-in-top">
                  <div class="el-select-dropdown el-popper" style="display: none;">
                    <div class="el-scrollbar" style="">
                      <div class="el-select-dropdown__wrap el-scrollbar__wrap el-scrollbar__wrap--hidden-default">
                        <ul class="el-scrollbar__view el-select-dropdown__list">
                          <!---->
                          <li class="el-select-dropdown__item" data-test="dialog_type"><span>Refined</span></li>
                          <li class="el-select-dropdown__item" data-test="dialog_type"><span>Unbranded</span></li>
                          <li class="el-select-dropdown__item" data-test="dialog_type"><span>Licensed</span></li>
                          <li class="el-select-dropdown__item" data-test="dialog_type"><span>Small</span></li>
                          <li class="el-select-dropdown__item" data-test="dialog_type"><span>Sleek</span></li>
                          <li class="el-select-dropdown__item" data-test="dialog_type"><span>Awesome</span></li>
                        </ul>
                      </div>
                      <div class="el-scrollbar__bar is-horizontal">
                        <div class="el-scrollbar__thumb" style="transform: translateX(0%); webkit-transform: translateX(0%);"></div>
                      </div>
                      <div class="el-scrollbar__bar is-vertical">
                        <div class="el-scrollbar__thumb" style="transform: translateY(0%); webkit-transform: translateY(0%);"></div>
                      </div>
                    </div>
                    <!---->
                  </div>
                </transition-stub>
              </div>
              <transition-stub name="el-zoom-in-top">
                <!---->
              </transition-stub>
            </div>
          </div>
          <div class="el-form-item" data-test="dialog_color"><label class="el-form-item__label" style="width: 120px;">color</label>
            <div class="el-form-item__content" style="margin-left: 120px;">
              <div class="colorBox">
                <div class="el-color-picker">
                  <!---->
                  <div class="el-color-picker__trigger"><span class="el-color-picker__color"><span class="el-color-picker__color-inner" style="background-color: transparent;"></span><span class="el-color-picker__empty el-icon-close"></span></span><span class="el-color-picker__icon el-icon-arrow-down" style="display: none;"></span></div>
                  <transition-stub name="el-zoom-in-top" class="el-color-picker__panel">
                    <div class="el-color-dropdown" style="display: none;">
                      <div class="el-color-dropdown__main-wrapper">
                        <div class="el-color-hue-slider is-vertical" style="float: right;">
                          <div class="el-color-hue-slider__bar"></div>
                          <div class="el-color-hue-slider__thumb" style="left: 0px; top: 0px;"></div>
                        </div>
                        <div class="el-color-svpanel" style="background-color: rgb(255, 0, 0);">
                          <div class="el-color-svpanel__white"></div>
                          <div class="el-color-svpanel__black"></div>
                          <div class="el-color-svpanel__cursor" style="top: 0px; left: 0px;">
                            <div></div>
                          </div>
                        </div>
                      </div>
                      <!---->
                      <!---->
                      <div class="el-color-dropdown__btns"><span class="el-color-dropdown__value"><div class="el-input el-input--mini"><!----><input type="text" autocomplete="off" class="el-input__inner"><!----><!----><!----><!----></div></span><button type="button" class="el-button el-color-dropdown__link-btn el-button--text el-button--mini">
                          <!---->
                          <!----><span>
        Clear
      </span>
                        </button><button type="button" class="el-button el-color-dropdown__btn el-button--default el-button--mini is-plain">
                          <!---->
                          <!----><span>
        OK
      </span>
                        </button></div>
                    </div>
                  </transition-stub>
                </div>
                <div data-test="colorTxt" class="colorTxt"></div>
              </div>
              <transition-stub name="el-zoom-in-top">
                <!---->
              </transition-stub>
            </div>
          </div>
          <div class="el-form-item"><label class="el-form-item__label" style="width: 120px;">image</label>
            <div class="el-form-item__content" style="margin-left: 120px;">
              <div class="el-input">
                <!----><input type="text" autocomplete="off" class="el-input__inner">
                <!---->
                <!---->
                <!---->
                <!---->
              </div>
              <transition-stub name="el-zoom-in-top">
                <!---->
              </transition-stub>
            </div>
          </div>
          <div class="el-form-item" data-test="dialog_date"><label class="el-form-item__label" style="width: 120px;">expires</label>
            <div class="el-form-item__content" style="margin-left: 120px;">
              <div class="el-date-editor el-input el-input--prefix el-input--suffix el-date-editor--date" style="width: 100%;">
                <!----><input type="text" autocomplete="off" name="" placeholder="choose a date" class="el-input__inner"><span class="el-input__prefix"><i class="el-input__icon el-icon-date"></i><!----></span><span class="el-input__suffix"><span class="el-input__suffix-inner"><i class="el-input__icon"></i><!----><!----><!----><!----></span>
                <!----></span>
                <!---->
                <!---->
              </div>
              <transition-stub name="el-zoom-in-top">
                <!---->
              </transition-stub>
            </div>
          </div>
          <div class="el-form-item"><label class="el-form-item__label" style="width: 120px;">price</label>
            <div class="el-form-item__content" style="margin-left: 120px;">
              <div class="el-input">
                <!----><input type="text" autocomplete="off" class="el-input__inner">
                <!---->
                <!---->
                <!---->
                <!---->
              </div>
              <transition-stub name="el-zoom-in-top">
                <!---->
              </transition-stub>
            </div>
          </div>
        </form>
      </div>
      <div class="el-dialog__footer">
        <div class="dialog-footer"><button type="button" class="el-button el-button--default" id="cancelCreateBtn">
            <!---->
            <!----><span>Cancel</span>
          </button> <button type="button" class="el-button el-button--primary" id="createArticleBtn">
            <!---->
            <!----><span>Create</span>
          </button></div>
      </div>
    </div>
  </div>
</transition-stub>
`;
